// Jest Snapshot v1, https://goo.gl/fbAQLP

exports[`App wrapper component snapshot test Should render the component and it should match the stored snapshot 1`] = `
[
  "Uh-oh! We just ran into an error",
]
`;
